[rezalava.framer.website/shirini.html]
[rezalava.framer.website/index.html]
[backblue.gif]
[fade.gif]
[index.html]
[framerusercontent.com/images/o3nHVdVReGInJ3BAvEeDAHVirRI.png]
[rezalava.framer.website/about.html]
[framerusercontent.com/images/ul79SFeGZEFetmTuNxwUxUevVI.png]
[framerusercontent.com/assets/per5IFuJkCNpq5DjkZyCruVcbTY.jpg]
[rezalava.framer.website/contact.html]
[rezalava.framer.website/work.html]
[rezalava.framer.website/index.html]
[framerusercontent.com/images/XcowFxNqJYEkOLQfCB2mspH2EH8.png]
[rezalava.framer.website/shirini.html]
[framerusercontent.com/images/Y13hCfgzbgyDhM3mKXuSebESxs.png]
[framerusercontent.com/images/Kjh89pNwtXNTTUjxFzLMNpLaCo.jpg]
[framerusercontent.com/images/Ilf1d8hWtlIld60Ed3MqdO8A9Hs.png]
[framerusercontent.com/images/1yv6bjT498YdF5YJaoh5K4gFPCI.jpg]
[framerusercontent.com/images/TSd2rlV7fVR6842GHE7VAv6Ckd017f5.png]
[framerusercontent.com/images/gh9gAzxCOgsdar7CizHk02tUM.png]
[framerusercontent.com/images/sbP1Te1bBTKq9KlnJKwvdbxj2w.png]
[framerusercontent.com/images/sdxNxaKaajax6kFcP4Y349BxDr8.png]
[framerusercontent.com/images/yrHvoCbnLDgEunCgWEFDzg0NbY.png]
[rezalava.framer.website/about.html]
[framerusercontent.com/images/wOPeMyzeMtd5V82XEJ3EPyMSHgQ.png]
[framerusercontent.com/images/6fxY5d8U0FBXBJ0FI17hnT1PQ.png]
[framerusercontent.com/images/IMWwhsptQWaer0horAxvdxUP2cU.jpg]
[framerusercontent.com/images/btxpyrwc06ajI5Xhk8DzTgAOtw.jpg]
[framerusercontent.com/images/97xA12Xr1C6FPODLxM1J07cAX4.jpg]
[framerusercontent.com/images/1cWt9vpFmx5iaIOgbNP8g3FfHVU.jpg]
[framerusercontent.com/images/DVYUce2AjPtbVLLwHLQ14UIMk.jpg]
[rezalava.framer.website/work.html]
[framerusercontent.com/images/C7CHxtt6CzFvMCx3rxW3WAipQU.jpg]
[framerusercontent.com/images/7XT87jCS0iIZqkXLRJSgQg24zHE.jpg]
[rezalava.framer.website/contact.html]
[framerusercontent.com/images/gAsYp9gQMw2FqxhWKxXO4kVyCE.jpg]
[framerusercontent.com/images/MmT2jVWQ6vJP4n1OYxKwTL5nzu0.jpg]
[framerusercontent.com/images/AWHgIFTHfl6GgWKWMVz5ukzau8.jpg]
[framerusercontent.com/images/Eoyr6ZBx2xVLVEUwVslonwexs.jpg]
[framerusercontent.com/images/k3w4n7GlyeMwVedBenw0NkzvL4.png]
[rezalava.framer.website/[object Object].html]
[framerusercontent.com/images/JCqDoDWhyyqlDgZAGionCe88rww.jpg]
[framerusercontent.com/images/AdMNPU7UzB49k9ud9F6vzwHse0.jpg]
[framerusercontent.com/images/nhi0eEtl0BlMUgnNiMKodYNe6oo.jpg]
[framerusercontent.com/images/hFwpAAU5cZwtMiQzxtACLgHf6s.jpg]
[framerusercontent.com/images/17yTb2ZrX7ArRtyZxO21ZTdm5s.png]
[framerusercontent.com/images/tSTRbkzvQsZCz3are1LvD2U.jpg]
[framerusercontent.com/images/u5haL63O2OiRzTwmO8QXSogAxAg.png]
[framerusercontent.com/images/WhapQUTdbczVp1svHswUhEzXQU.png]
[framerusercontent.com/images/8Abp4pLYeTjgF6n6ED9JnfjLUE.png]
[framerusercontent.com/images/UwpYj23rQQKrcQaCACh9j7F8n8.jpg]
[framerusercontent.com/images/Bw2mdC62p24iP3UAaqKyl9PR00g.jpg]
[framerusercontent.com/images/1TbaHPiDX1jW3VMikWFuXtS5Lg0.jpg]
[framerusercontent.com/images/kjWksGyVKIU9ImIMZd7DfNR4i5Y.jpg]
[framerusercontent.com/images/rF47a6z2axcsXeFgW4ZegB9uQ.jpg]
[framerusercontent.com/images/SPc8m9RLIxOLx6KGzdN9Fynh2Y.jpg]
[framerusercontent.com/images/TDRzYu1722RtGObWhu6vICHH6g.jpg]
[framerusercontent.com/images/jWxdu72iZ5nYlkHk8bxMPQxO2ak.jpg]
[framerusercontent.com/images/AIaZBNWfGUGH4Y6NTmAW73fqFY.png]
[framerusercontent.com/images/tfsouovZrkFHL10Jf5hZyDf9OtM.jpg]
[framerusercontent.com/images/btIBrcVxNl0XxBi2N6j2C0jlx0.png]
[framerusercontent.com/images/J7uTzQlfiBUCr8yrVFcmIDxNhY.png]
[framerusercontent.com/images/Wjyfxmzq69usxMJPV4wfsNDKw.png]
[framerusercontent.com/images/FJ5pqSwyZZEZ9REovUfSEQRIV4g.png]
[framerusercontent.com/images/ikaXrFzbVh6AcJOy9ZyXUK3k04w.png]
[framerusercontent.com/images/CqUx3m5aHHQ2iX9h593l0YpB948.png]
[framerusercontent.com/images/ZMJ0lJ27kXJNBTaVl3m2hY1o.png]
[framerusercontent.com/images/v4y0MNif2IXkWOndea3Vtv9AA.png]
